[0;34m[2025-10-13 00:00:34][0m Verification started at: Mon Oct 13 00:00:34 +03 2025
[0;34m[2025-10-13 00:00:34][0m Results directory: ./integration-results
[0;34m[2025-10-13 00:00:34][0m Log file: ./integration.log
[0;34m[2025-10-13 00:00:34][0m Verifying database integration...
[0;32m[SUCCESS][0m Prisma client generated successfully
[0;32m[SUCCESS][0m Prisma client imports found in source code
[0;32m[SUCCESS][0m Database connection successful
[0;34m[2025-10-13 00:00:36][0m Verifying API integration...
[0;32m[SUCCESS][0m API routes directory exists
[0;36m[INFO][0m Found       48 API routes
[0;32m[SUCCESS][0m HTTP method GET found in API routes
[0;32m[SUCCESS][0m HTTP method POST found in API routes
[0;32m[SUCCESS][0m HTTP method PUT found in API routes
[0;32m[SUCCESS][0m HTTP method DELETE found in API routes
[1;33m[WARNING][0m HTTP method PATCH not found in API routes
[1;33m[WARNING][0m Error handling not found in API routes
[0;34m[2025-10-13 00:00:36][0m Verifying authentication integration...
[0;32m[SUCCESS][0m NextAuth configuration found
[0;32m[SUCCESS][0m Session handling configured
[0;32m[SUCCESS][0m Authentication middleware found
[1;33m[WARNING][0m Authentication middleware not properly configured
[0;34m[2025-10-13 00:00:36][0m Verifying multi-tenant integration...
[0;32m[SUCCESS][0m Organization model found
[0;32m[SUCCESS][0m Organization relationships configured
[0;32m[SUCCESS][0m Organization middleware found
[0;32m[SUCCESS][0m Organization context found in lib
[0;34m[2025-10-13 00:00:36][0m Generating integration report...
[0;32m[SUCCESS][0m Integration report generated: ./integration-results/integration-report-20251013_000034.md
[0;34m[2025-10-13 00:00:36][0m Integration Verification Summary
[0;34m[2025-10-13 00:00:36][0m ===============================
[0;32m[SUCCESS][0m 🎉 All integrations verified! LMS application components are properly integrated.
